Sending payload: {
  "name": "Test User",
  "email": "test@example.com",
  "phone": "1234567890",
  "company": "Test Co",
  "projectType": "Web Dev",
  "challenge": "Testing API",
  "timestamp": "2025-11-20T08:09:11.002Z"
}

--- Attempt 1: JSON Payload ---
Status: 200
Status Text: OK
Response Body: <!DOCTYPE html><html><head><link rel="shortcut icon" href="//ssl.gstatic.com/docs/script/images/favicon.ico"><title>Error</title><style type="text/css" nonce="oKlj90DfCnvdfoveCSxjdw">body {background-color: #fff; margin: 0; padding: 0;}.errorMessage {font-family: Arial,sans-serif; font-size: 12pt; font-weight: bold; line-height: 150%; padding-top: 25px;}</style></head><body style="margin:20px"><div><img alt="Google Apps Script" src="//ssl.gstatic.com/docs/script/images/logo.png"></div><div style

--- Attempt 2: URL Encoded Form Data ---
Status: 200
Status Text: OK
Response Body: <!DOCTYPE html><html><head><link rel="shortcut icon" href="//ssl.gstatic.com/docs/script/images/favicon.ico"><title>Error</title><style type="text/css" nonce="JdrintureepMGfh4IYv-vg">body {background-color: #fff; margin: 0; padding: 0;}.errorMessage {font-family: Arial,sans-serif; font-size: 12pt; font-weight: bold; line-height: 150%; padding-top: 25px;}</style></head><body style="margin:20px"><div><img alt="Google Apps Script" src="//ssl.gstatic.com/docs/script/images/logo.png"></div><div style
